(
    [ /Catln/Doc/dshow( Value /s -> âˆ€/Catln/Doc/DShow ) -> TVArg /s = Value /s
    , /Catln/Doc/Show/MD( Value /text -> /Data/String )
    , /Catln/Doc/dshow
        ( Value /s -> /Catln/#md( /text=TopType ) = /Catln/#md( Value /text -> ~String ) ) -> /Catln/Doc/Show/MD( /text=~String ) = /Catln/Doc/Show/MD( Value /text -> TVArg /text = Value /text )
    , /Catln/Doc/dshow
        ( Value /s -> /Catln/#print( /p=TopType ) = /Catln/#print( Value /p ) ) -> TVArg /p = Value /p
    , Value /Catln/Doc/#listProgram
    , Value /Catln/Doc/Show/ListProgram
    , /Catln/Doc/dshow( Value /s -> /Catln/Doc/#listProgram = Value /Catln/Doc/#listProgram ) -> /Catln/Doc/Show/ListProgram = Value /Catln/Doc/Show/ListProgram
    , Value /Catln/Doc/#type
    , Value /Catln/Doc/Show/TypePage
    , /Catln/Doc/dshow( Value /s -> /Catln/Doc/#type = Value /Catln/Doc/#type ) -> /Catln/Doc/Show/TypePage = Value /Catln/Doc/Show/TypePage
    , Value /Catln/Doc/#typeInfer
    , Value /Catln/Doc/Show/TypeInfer
    , /Catln/Doc/dshow( Value /s -> /Catln/Doc/#typeInfer = Value /Catln/Doc/#typeInfer ) -> /Catln/Doc/Show/TypeInfer = Value /Catln/Doc/Show/TypeInfer
    , Value /Catln/Doc/#debug
    , Value /Catln/Doc/Show/Debug
    , /Catln/Doc/dshow( Value /s -> /Catln/Doc/#debug = Value /Catln/Doc/#debug ) -> /Catln/Doc/Show/Debug = Value /Catln/Doc/Show/Debug
    , Value /Catln/Doc/#build
    , Value /Catln/Doc/Show/BuildPage
    , /Catln/Doc/dshow( Value /s -> /Catln/Doc/#build = Value /Catln/Doc/#build ) -> /Catln/Doc/Show/BuildPage = Value /Catln/Doc/Show/BuildPage
    ]
,
    [ CGType
    , CGType
    , CGType
    , CGType
    , CGType
    , CGType
    , CGType
    , CGType
    , CGType
    , CGType
    , CGType
    , CGType
    , CGClass
        ( False
        , /Catln/Doc/DShow
        ,
            [ /Data/String
            , /Catln/CatlnResult..
            , /Catln/Doc/Show/MD..
            , /Catln/Doc/Show/ListProgram..
            , /Catln/Doc/Show/TypePage..
            , /Catln/Doc/Show/TypeInfer..
            , /Catln/Doc/Show/Debug..
            , /Catln/Doc/Show/BuildPage..
            ]
        , Just "Represents objects which can be shown in the webdocs.        "
        )
    ]
,
    [ /Catln/#md
        ( Value /text -> /Data/String = CStr "# Catln WebDocs
        This provides common components and annotations used in Webdocs.
        These include the ones" )
    , /Catln/#md
        ( Value /text -> /Data/String = CStr "Represents objects which can be shown in the webdocs." )
    , /Catln/#md
        ( Value /text -> /Data/String = CStr "dshow(s) -> /Catln/Doc/DShow" )
    ]
)