(
    [ Value /add ->
        ( /operator==
            ( /r=/Data/Primitive/Integer
            , /l=/Data/Primitive/Integer
            ) | /Data/Primitive/True | /Data/Primitive/False
        ) = /operator==
        ( Value /l -> /Data/Primitive/Integer = /operator+
            ( Value /l -> /Data/Primitive/Integer = CInt 1 )
            ( Value /r -> /Data/Primitive/Integer = CInt 1 )
        )
        ( Value /r -> /Data/Primitive/Integer = CInt 2 )
    , Value /sub ->
        ( /operator==
            ( /r=/Data/Primitive/Integer
            , /l=/Data/Primitive/Integer
            ) | /Data/Primitive/True | /Data/Primitive/False
        ) = /operator==
        ( Value /l -> /Data/Primitive/Integer = /operator-
            ( Value /l -> /Data/Primitive/Integer = CInt 5 )
            ( Value /r -> /Data/Primitive/Integer = CInt 3 )
        )
        ( Value /r -> /Data/Primitive/Integer = CInt 2 )
    , Value /mul ->
        ( /operator==
            ( /r=/Data/Primitive/Integer
            , /l=/Data/Primitive/Integer
            ) | /Data/Primitive/True | /Data/Primitive/False
        ) = /operator==
        ( Value /l -> /Data/Primitive/Integer = /operator*
            ( Value /l -> /Data/Primitive/Integer = CInt 2 )
            ( Value /r -> /Data/Primitive/Integer = CInt 3 )
        )
        ( Value /r -> /Data/Primitive/Integer = CInt 6 )
    , /ContextIn( Value /value -> /main = Value /main )( Value /io -> /Catln/IO ) -> TVArg /io = Value /io
    ]
,
    [ CGType
    , CGType
    , CGType
    , CGType
    ]
,
    [ /Catln/#md
        ( Value /text -> /Data/String = CStr "Tests the various integer arithmetic operations" )
    ]
)