Prgm
    { prgmObjMap =
        [ Value /a ->
            ( /Data/Primitive/True | /operator~( /a=/Data/Primitive/False ) | /Data/Primitive/False ) = /operator~( Value /a -> /Data/Primitive/False = Value /Data/Primitive/False )
        , Value /b ->
            ( /Data/Primitive/True | /operator&&
                ( /r=/Data/Primitive/True
                , /l=/Data/Primitive/True
                ) | /Data/Primitive/False
            ) = /operator&&( Value /l -> /Data/Primitive/True = Value /Data/Primitive/True )( Value /r -> /Data/Primitive/True = Value /Data/Primitive/True )
        , Value /c ->
            ( /Data/Primitive/True | /operator||
                ( /r=/Data/Primitive/False
                , /l=/Data/Primitive/True
                ) | /Data/Primitive/False
            ) = /operator||( Value /l -> /Data/Primitive/True = Value /Data/Primitive/True )( Value /r -> /Data/Primitive/False = Value /Data/Primitive/False )
        , /ContextIn( Value /value -> /main = Value /main )( Value /io -> /Catln/IO ) -> TVArg /io = Value /io
        ]
    , prgmCG =
        [ CGType
        , CGType
        , CGType
        , CGType
        ]
    , prgmAnnots =
        [ /Catln/#md
            ( Value /text -> /Data/String = CStr "Tests boolean logic operations" )
        ]
    }