Prgm
    { prgmObjMap =
        [ /ContextIn( Value /value -> /main = Value /main )( Value /io -> /Catln/IO ) ->
            ( /Catln/exit
                ( /val=/Data/Primitive/Integer
                , /this=/Catln/IO
                ) | /Catln/IO
            ) = /Catln/exit
            ( Value /val -> /Data/Primitive/Integer = /abs
                ( Value /x -> /Data/Primitive/Integer = CInt 0 )
            )( Value /this -> TVArg /io = Value /io )
        , /abs( Value /x -> /Data/Primitive/Integer ) ->
            ( /abs.$2a7c30-1
                ( /x=/Data/Primitive/Integer
                , /$2a7c30-arg=/Data/Primitive/Integer
                ) | /abs.$2a7c30-0
                ( /x=/Data/Primitive/Integer
                , /$2a7c30-arg=/Data/Primitive/Integer
                ) | /operator*
                ( /r=/Data/Primitive/Integer
                , /l=/Data/Primitive/Integer
                ) | /Data/Primitive/Integer
            ) = /abs.$2a7c30-0( Value /x -> TVArg /x = Value /x )
            ( Value /$2a7c30-arg -> TVArg /x = Value /x )
        , /abs.$2a7c30-0( Value /x -> âˆ€/Data/Algebra/Ord )
            ( Value /$2a7c30-arg= Hole TopType HoleActive Nothing@Value /x2 | /operator>=( Value /l -> TVArg /x = Value /x )
                ( Value /r -> /Data/Primitive/Integer = CInt 0 )
            ) -> TVArg /x2 = Value /x2
        , /abs.$2a7c30-0( Value /x -> /Data/Primitive/Integer )
            ( Value /$2a7c30-arg= Hole TopType HoleActive Nothing@Value /x2 | /operator>=( Value /l -> TVArg /x = Value /x )
                ( Value /r -> /Data/Primitive/Integer = CInt 0 )
            ) ->
            ( /abs.$2a7c30-1
                ( /x=/Data/Primitive/Integer
                , /$2a7c30-arg=/Data/Primitive/Integer
                ) | /operator*
                ( /r=/Data/Primitive/Integer
                , /l=/Data/Primitive/Integer
                ) | /Data/Primitive/Integer
            ) = /abs.$2a7c30-1( Value /x -> TVArg /x = Value /x )
            ( Value /$2a7c30-arg -> TVArg /x = Value /x )
        , /abs.$2a7c30-1( Value /x )
            ( Value /$2a7c30-arg -> /Data/Primitive/Integer = Hole /Data/Primitive/Integer HoleActive Nothing@Value /x2 ) ->
            ( /operator*
                ( /r=/Data/Primitive/Integer
                , /l=/Data/Primitive/Integer
                ) | /Data/Primitive/Integer
            ) = /operator*( Value /l -> TVArg /x2 = Value /x2 )
            ( Value /r -> /Data/Primitive/Integer = /operator-
                ( Value /a -> /Data/Primitive/Integer = CInt 1 )
            )
        ]
    , prgmCG =
        [ CGType
        , CGType
        , CGType
        , CGType
        ]
    , prgmAnnots =
        [ /Catln/#md
            ( Value /text -> /Data/String = CStr "Tests the case statement" )
        ]
    }