Prgm
    { prgmObjMap =
        [ /id( EAppArg Value /x ) -> TVArg /x = Value /x
        , /ContextIn( EAppArg Value /value -> /main = Value /main )( EAppArg Value /io -> /Catln/IO ) ->
            ( /Catln/exit
                ( /val=/Data/Primitive/Integer
                , /this=/Catln/IO
                ) | /Catln/IO
            ) = /Catln/exit
            ( EAppArg Value /val -> /Data/Primitive/Integer =
                ( /id
                    ( EAppArg Value /x -> /Data/Primitive/Integer = 0 ) ↦ /Data/Primitive/Integer
                )
            )
            ( EAppArg Value /this -> TVArg /io = ( Value /io ↦ TVArg /io ) )
        ]
    , prgmCG =
        [ CGType
        , CGType
        ]
    , prgmAnnots =
        [ /Catln/#md
            ( EAppArg Value /text -> /Data/String = "Tests an identity function.
            It requires using the type of the input argument as the output type of id as well.
            So, it must be read as `id($T) -> $T`, not (id(Any) -> Any)." )
        ]
    }