(
    [ Value /Catln/IO
    , /Catln/exit( EAppArg Value /val -> /Data/Primitive/Integer )( EAppArg Value /this -> /Catln/IO ) -> /Catln/IO
    , /Catln/println( EAppArg Value /msg -> /Data/String )( EAppArg Value /this -> /Catln/IO ) -> /Catln/IO
    , /Catln/#md( EAppArg Value /text -> /Data/String )
    , /Catln/#name( EAppArg Value /name -> /Data/String )
    , Value /Catln/#else
    , Value /Catln/#noCore
    , /Catln/#runtime( EAppArg Value /k -> /Data/String )
    , Value /Catln/#argStart
    , Value /Catln/#argEnd
    , /Catln/#assert( EAppArg Value /test -> ∀/Data/Primitive/Boolean )
    , /Catln/#assert( EAppArg Value /test -> ∀/Data/Primitive/Boolean )( EAppArg Value /msg -> /Data/String )
    , /Catln/#print( EAppArg Value /p -> ∀/Catln/Doc/DShow )
    , Value /Catln/#test
    , Value /Catln/#example
    , /operator?->( EAppArg Value /l= Hole TopType HoleActive Nothing )( EAppArg Value /r= Hole TopType HoleActive Nothing ) -> ∀/Data/Primitive/Boolean
    , /Catln/CatlnResult( EAppArg Value /name -> /Data/String )( EAppArg Value /contents -> /Data/String )
    , /Catln/www( EAppArg Value /html -> /Data/String ) -> /Catln/CatlnResult
        ( /contents=/Data/String
        , /name=/Data/String
        ) = /Catln/CatlnResult
        ( EAppArg Value /name -> /Data/String = "index.html" )
        ( EAppArg Value /contents -> TVArg /html = ( Value /html ↦ TVArg /html ) )
    , /Catln/llvm( EAppArg Value /c ) -> /Catln/CatlnResult..
    , Value /Catln/Then
    , Value /Catln/Else
    , /Catln/ThenElse/fromBool( EAppArg Value /v -> ∀/Data/Primitive/Boolean ) -> ∀/Catln/ThenElse
    , /Catln/ThenElse/fromBool( EAppArg Value /v -> /Data/Primitive/True = Value /Data/Primitive/True ) -> /Catln/Then = Value /Catln/Then
    , /Catln/ThenElse/fromBool( EAppArg Value /v -> /Data/Primitive/False = Value /Data/Primitive/False ) -> /Catln/Else = Value /Catln/Else
    ]
,
    [ CGType
    , CGType
    , CGType
    , CGType
    , CGType
    , CGType
    , CGType
    , CGType
    , CGType
    , CGType
    , CGType
    , CGType
    , CGType
    , CGType
    , CGType
    , CGType
    , CGType
    , CGType
    , CGType
    , CGType
    , CGType
    , CGClass
        ( True
        , /Catln/ThenElse
        ,
            [ /Catln/Then
            , /Catln/Else
            ]
        , Just ""
        )
    ]
,
    [ /Catln/#md
        ( EAppArg Value /text -> /Data/String = "# Catln Core Compiling Types and Annotations" )
    , /Catln/#md
        ( EAppArg Value /text -> /Data/String = "## IO" )
    , /Catln/#md
        ( EAppArg Value /text -> /Data/String = "## Core Annotations
        The core annotations are all of the annotations used by the compiler and the web docs program." )
    , /Catln/#md
        ( EAppArg Value /text -> /Data/String = "## Build-in Type Macros" )
    , /Catln/#md
        ( EAppArg Value /text -> /Data/String = "## Result Classes" )
    ]
)