Prgm
    { prgmObjMap = []
    , prgmCG = []
    , prgmAnnots =
        [ /Catln/#md
            ( EAppArg Value /text -> /Data/String = "# Catln Core Library
            This is the Catln core library.
            It defines the fundamental units of the language, core data types, basic compilation, and standard methods.
            All Catln files will automatically import the core library." )
        ]
    }