Prgm
    { prgmObjMap =
        [ /ContextIn( Value /value= Value main )( Value /io -> /Catln/IO )= exit
            ( Value val= abs
                ( CInt 0 )
            )( Value /this= Value io )
        , abs( Value x -> /Data/Primitive/Integer )= abs.$9c855f( Value /x= Value /x )
            ( Value /$9c855f-arg= Value x )
        , abs.$9c855f( Value /x )
            ( Value /$9c855f-arg= Hole TopType HoleActive Nothing@Value x2 | /operator>=( Value /l= Value x )
                ( Value /r= CInt 0 )
            )= Value x2
        , abs.$9c855f( Value /x )
            ( Value /$9c855f-arg= Hole TopType HoleActive Nothing@Value x2 )= /operator*( Value /l= Value x2 )
            ( Value /r= /operator-
                ( Value /a= CInt 1 )
            )
        ]
    , prgmCG =
        [ CGType
        , CGType
        , CGType
        ]
    , prgmAnnots =
        [ /Catln/#md
            ( Value /text= CStr "Tests the match syntax" )
        ]
    }