(
    [ Value /Nothing
    , defInt( Value x -> /Data/Primitive/Integer )= Value x
    , defInt( Value x= Value Nothing )= CInt 0
    , /ContextIn( Value /value= Value main )( Value /io -> /Catln/IO )= exit
        ( Value val= defInt
            ( Value x= CInt 0 )
        )( Value /this= Value io )
    ]
,
    [ CGType
    , CGType
    , CGType
    , CGClass
        ( True
        , /Maybe
        ,
            [ TVVar /T
            , /Nothing
            ]
        , Just ""
        )
    ]
,
    [ /Catln/#md
        ( Value /text= CStr "Tests a simple data structure with a true union" )
    ]
)