[
    (
        (
            [ /operator!=( Value /l -> TVVar /T = Hole TopType HoleActive Nothing )( Value /r -> TVVar /T = Hole TopType HoleActive Nothing )[ /T : ∀/Data/Algebra/Eq ] -> ∀/Data/Primitive/Boolean
            , Value /Data/Algebra/LessThan
            , Value /Data/Algebra/Equal
            , Value /Data/Algebra/GreaterThan
            , Value /Data/Algebra/NoOrdering
            , /Data/Algebra/compare[ /T : ∀/Data/Algebra/Ord ]( Value l -> TVVar /T )( Value r -> TVVar /T ) -> ∀/Data/Algebra/Ordering
            , /Data/Algebra/compare[ /T : ∀/Data/Algebra/POrd ]( Value l -> TVVar /T )( Value r -> TVVar /T ) -> ∀/Data/Algebra/POrdering
            , /operator<=( Value /l -> TVVar /T = Hole TopType HoleActive Nothing )( Value /r -> TVVar /T = Hole TopType HoleActive Nothing )[ /T : ∀/Data/Algebra/Ord ] -> ∀/Data/Primitive/Boolean
            , /operator>=( Value /l -> TVVar /T = Hole TopType HoleActive Nothing )( Value /r -> TVVar /T = Hole TopType HoleActive Nothing )[ /T : ∀/Data/Algebra/Ord ] -> ∀/Data/Primitive/Boolean
            , /operator<( Value /l -> TVVar /T = Hole TopType HoleActive Nothing )( Value /r -> TVVar /T = Hole TopType HoleActive Nothing )[ /T : ∀/Data/Algebra/Ord ] -> ∀/Data/Primitive/Boolean
            , /operator>( Value /l -> TVVar /T = Hole TopType HoleActive Nothing )( Value /r -> TVVar /T = Hole TopType HoleActive Nothing )[ /T : ∀/Data/Algebra/Ord ] -> ∀/Data/Primitive/Boolean
            , /operator++( Value /l -> TVVar /T = Hole TopType HoleActive Nothing )( Value /r -> TVVar /T = Hole TopType HoleActive Nothing )[ /T : ∀/Data/Algebra/Semigroup ] -> TVVar /T
            , /Data/Algebra/testSemigroupAssociative[ /T : ∀/Data/Algebra/Semigroup ]( Value a -> TVVar /T )( Value b -> TVVar /T )( Value c -> TVVar /T )= CInt 0
            , /Data/Algebra/mempty[ /T : ∀/Data/Algebra/Monoid ] -> TVVar /T
            , /Data/Algebra/testRightMonoidIdentity[ /T : ∀/Data/Algebra/Monoid ]( Value t -> TVVar /T )= CInt 0
            , /Data/Algebra/testLeftMonoidIdentity[ /T : ∀/Data/Algebra/Monoid ]( Value t -> TVVar /T )= CInt 0
            , /Data/Algebra/testCommutativeMonoid[ /T : ∀/Data/Algebra/CommutativeMonoid ]( Value a -> TVVar /T )( Value b -> TVVar /T )= CInt 0
            , /Data/Algebra/inverse[ /T : ∀/Data/Algebra/Group ]( Value t -> TVVar /T ) -> TVVar /T
            , /Data/Algebra/testGroup[ /T : ∀/Data/Algebra/Group ]( Value t -> TVVar /T )= CInt 0
            ]
        ,
            [ CGType
            , CGType
            , CGType
            , CGType
            , CGType
            , CGType
            , CGType
            , CGType
            , CGType
            , CGType
            , CGType
            , CGType
            , CGType
            , CGType
            , CGType
            , CGType
            , CGType
            , CGType
            , CGClass
                ( False
                , /Data/Algebra/CommutativeMonoid
                , []
                , Just "The [CommutativeMonoid] builds on top of the [Monoid].
                  It is also called an Abelian Monoid
                  Here, integers with addition are a [CommutativeMonoid], but [String]s are not."
                )
            , CGClass
                ( False
                , /Data/Algebra/Eq
                ,
                    [ ∀/Data/Algebra/POrd
                    , ∀/Data/Algebra/Semigroup
                    ]
                , Just "The Eq class is used to define values which can be compared for equality.
                  While naive tuple equality often works, some types have equality that behaves differently and must be defined.
                  For example, a TreeSet can insert items in different order and produce different trees, but with equal sets.
                  There are only two operations for eq: [operator==] and [operator!=]./operator==</Data/Algebra/Eq $T>($T l, $T r) -> BooleanThis checks whether two items are equal.
                  Note that it only compares like items with each other, not that you can compare apples to oranges. If something can be compared for order, it should also be comparable for equality by the following relationship: "
                )
            , CGClass
                ( False
                , /Data/Algebra/Group
                , []
                , Just "The [Group] builds on top of the [Monoid] (not necessarily the [CommutativeMonoid]).
                  It adds an inverse operation that finds the opposite of an element.
                  For integers with addition, negation with [operator~] would be the inverse.
                  Something like [String]s would not have an inverse, so it wouldn't be a [Group]."
                )
            , CGClass
                ( False
                , /Data/Algebra/Monoid
                ,
                    [ ∀/Data/Algebra/CommutativeMonoid
                    , ∀/Data/Algebra/Group
                    ]
                , Just "The [Monoid] builds on top of the [Semigroup].
                  It adds the identity value [mempty].
                  The integers with addition form a [Monoid], and 0 is the value for [mempty].
                  Another example is [String] where "" is the value for [mempty]  "
                )
            , CGClass
                ( False
                , /Data/Algebra/Ord
                , [ ∀/Data/Primitive/Number ]
                , Just "Ord is used to define types which can be strictly ordered.
                  Every element, when compared must have one of the following [Ordering] relationships: "
                )
            , CGClass
                ( True
                , /Data/Algebra/Ordering
                ,
                    [ /Data/Algebra/LessThan
                    , /Data/Algebra/Equal
                    , /Data/Algebra/GreaterThan
                    ]
                , Just "The Orderings can relate any like items of Ord. "
                )
            , CGClass
                ( False
                , /Data/Algebra/POrd
                , [ ∀/Data/Algebra/Ord ]
                , Just "In addition to [Ord], [POrd] defines a partial ordering.
                  Partially ordered items can be compared, but may result in [NoOrdering]: "
                )
            , CGClass
                ( True
                , /Data/Algebra/POrdering
                ,
                    [ ∀/Data/Algebra/Ordering
                    , /Data/Algebra/NoOrdering
                    ]
                , Just "As an example, sets can be partially ordered by the subset operation.
                  One set A <= B when A is a subset of B.
                  An ordered example is {1} <= {1, 2}.
                  But, two sets like {1} and {2} have no ordering between them."
                )
            , CGClass
                ( False
                , /Data/Algebra/Semigroup
                , [ ∀/Data/Algebra/Monoid ]
                , Just "A semigroup is a type combined with an associative operation called [operator++].
                  For example, integers with the addition operation are a semigroup. "
                )
            ]
        ,
            [ /Catln/#md
                ( Value /text= CStr "# Catln Core Abstract Algebra Types
                These types define some of the basic relationship between types and ways classes can relate to themselves." )
            , /Catln/#md
                ( Value /text= CStr "The Eq class is used to define values which can be compared for equality.
                While naive tuple equality often works, some types have equality that behaves differently and must be defined.
                For example, a TreeSet can insert items in different order and produce different trees, but with equal sets.
                There are only two operations for eq: [operator==] and [operator!=]." )
            , /Catln/#md
                ( Value /text= CStr "/operator==</Data/Algebra/Eq $T>($T l, $T r) -> Boolean" )
            , /Catln/#md
                ( Value /text= CStr "This checks whether two items are equal.
                Note that it only compares like items with each other, not that you can compare apples to oranges." )
            , /Catln/#md
                ( Value /text= CStr "It is the opposite of [operator==] leading to the simple definition:" )
            , /Catln/#md
                ( Value /text= CStr "/operator!=(l, r) = ~(l == r)
                Given this, creating an instance of Eq only requires defining equality and the != can be produced automatically." )
            , /Catln/#md
                ( Value /text= CStr "## Ordering" )
            , /Catln/#md
                ( Value /text= CStr "Ordering is used to define operations that have a natural ability to be ordered or sorted.
                Some examples include numbers which are sorted from smallest to largest or strings which are sorted alphabetically." )
            , /Catln/#md
                ( Value /text= CStr "There are two different forms of ordering:" )
            , /Catln/#md
                ( Value /text= CStr "Ord is used to define types which can be strictly ordered.
                Every element, when compared must have one of the following [Ordering] relationships:" )
            , /Catln/#md
                ( Value /text= CStr "The Orderings can relate any like items of Ord. " )
            , /Catln/#md
                ( Value /text= CStr "In addition to [Ord], [POrd] defines a partial ordering.
                Partially ordered items can be compared, but may result in [NoOrdering]:" )
            , /Catln/#md
                ( Value /text= CStr "As an example, sets can be partially ordered by the subset operation.
                One set A <= B when A is a subset of B.
                An ordered example is {1} <= {1, 2}.
                But, two sets like {1} and {2} have no ordering between them." )
            , /Catln/#md
                ( Value /text= CStr "There are a few nice properties about ordering." )
            , /Catln/#md
                ( Value /text= CStr "This means that something fully ordered can still take advantage of many of the same functions as partially ordered ones.
                It just usually has a more specific result." )
            , /Catln/#md
                ( Value /text= CStr "The only major function for ordering is [compare].
                Comparing two [Ord] will result in an [Ordering].
                Likewise, comparing two partially orderables [POrd] results in a [POrdering]." )
            , /Catln/#md
                ( Value /text= CStr "### Operators for ordering
                Besides compare, there are also some operators to make using ordering easier." )
            , /Catln/#md
                ( Value /text= CStr "If something can be compared for order, it should also be comparable for equality by the following relationship:" )
            , /Catln/#md
                ( Value /text= CStr "/operator==<POrd $T>($T l, $T r) = compare(l=l, r=r) == Equal" )
            , /Catln/#md
                ( Value /text= CStr "### Ordering utility functions" )
            , /Catln/#md
                ( Value /text= CStr "max<Ord $T>($T l, $T r) -> $T = if l >= r then l else r" )
            , /Catln/#md
                ( Value /text= CStr "min<Ord $T>($T l, $T r) -> $T = if l <= r then l else r" )
            , /Catln/#md
                ( Value /text= CStr "TODO: Tests and properties for compare" )
            , /Catln/#md
                ( Value /text= CStr "## Semigroup" )
            , /Catln/#md
                ( Value /text= CStr "A semigroup is a type combined with an associative operation called [operator++].
                For example, integers with the addition operation are a semigroup." )
            , /Catln/#md
                ( Value /text= CStr "The [Monoid] builds on top of the [Semigroup].
                It adds the identity value [mempty].
                The integers with addition form a [Monoid], and 0 is the value for [mempty].
                Another example is [String] where "" is the value for [mempty]" )
            , /Catln/#md
                ( Value /text= CStr "We can test to verify that [mempty] works with both the left and right." )
            , /Catln/#md
                ( Value /text= CStr "mconcat<Monoid $T>(List<$T> lst) = lst.fold(operator++, mempty)" )
            , /Catln/#md
                ( Value /text= CStr "Using the [Monoid], it is possible to combine a list of monoids together." )
            , /Catln/#md
                ( Value /text= CStr "The [CommutativeMonoid] builds on top of the [Monoid].
                It is also called an Abelian Monoid
                Here, integers with addition are a [CommutativeMonoid], but [String]s are not." )
            , /Catln/#md
                ( Value /text= CStr "We can test to ensure that all [CommutativeMonoid]s satisfy the commutativity requirement." )
            , /Catln/#md
                ( Value /text= CStr "The [Group] builds on top of the [Monoid] (not necessarily the [CommutativeMonoid]).
                It adds an inverse operation that finds the opposite of an element.
                For integers with addition, negation with [operator~] would be the inverse.
                Something like [String]s would not have an inverse, so it wouldn't be a [Group]." )
            ]
        )
    , ct
        ( CStr "/repo/dir/stack/core/algebra.ct" )
    ,
        [ ct
            ( CStr "/repo/dir/stack/core/primitives.ct" )
        , ct
            ( CStr "/repo/dir/stack/core/compile.ct" )
        ]
    )
,
    (
        (
            [ Value /Catln/IO
            , /Catln/exit( Value val -> /Data/Primitive/Integer )( Value /this -> /Catln/IO ) -> /Catln/IO
            , /Catln/println( Value msg -> /Data/String )( Value /this -> /Catln/IO ) -> /Catln/IO
            , /Catln/#md( Value /text -> /Data/String )
            , /Catln/#name( Value /name -> /Data/String )
            , Value /Catln/#else
            , Value /Catln/#noCore
            , /Catln/#runtime( Value /k -> /Data/String )
            , Value /Catln/#argStart
            , Value /Catln/#argEnd
            , /Catln/#assert( Value /test -> ∀/Data/Primitive/Boolean )
            , /Catln/#assert( Value /test -> ∀/Data/Primitive/Boolean )( Value /msg -> /Data/String )
            , /Catln/#print( Value /p -> ∀/Catln/Doc/DShow )
            , Value /Catln/#test
            , Value /Catln/#example
            , /operator?->( Value /l= Hole TopType HoleActive Nothing )( Value /r= Hole TopType HoleActive Nothing ) -> ∀/Data/Primitive/Boolean
            , /Catln/CatlnResult( Value /name -> /Data/String )( Value /contents -> /Data/String )
            , /Catln/www( Value html -> /Data/String )= CatlnResult
                ( Value name= CStr "index.html" )( Value contents= Value html )
            , /Catln/llvm( Value c ) -> /Catln/CatlnResult..
            , Value /Catln/Then
            , Value /Catln/Else
            , /Catln/ThenElse/fromBool( Value v -> ∀/Data/Primitive/Boolean ) -> ∀/Catln/ThenElse
            , /Catln/ThenElse/fromBool( Value v= Value /Data/Primitive/True )= Value Then
            , /Catln/ThenElse/fromBool( Value v= Value /Data/Primitive/False )= Value Else
            ]
        ,
            [ CGType
            , CGType
            , CGType
            , CGType
            , CGType
            , CGType
            , CGType
            , CGType
            , CGType
            , CGType
            , CGType
            , CGType
            , CGType
            , CGType
            , CGType
            , CGType
            , CGType
            , CGType
            , CGType
            , CGType
            , CGType
            , CGClass
                ( True
                , /Catln/ThenElse
                ,
                    [ /Catln/Then
                    , /Catln/Else
                    ]
                , Just ""
                )
            ]
        ,
            [ /Catln/#md
                ( Value /text= CStr "# Catln Core Compiling Types and Annotations" )
            , /Catln/#md
                ( Value /text= CStr "## IO" )
            , /Catln/#md
                ( Value /text= CStr "## Core Annotations
                The core annotations are all of the annotations used by the compiler and the web docs program." )
            , /Catln/#md
                ( Value /text= CStr "## Build-in Type Macros" )
            , /Catln/#md
                ( Value /text= CStr "## Result Classes" )
            ]
        )
    , ct
        ( CStr "/repo/dir/stack/core/compile.ct" )
    ,
        [ ct
            ( CStr "/repo/dir/stack/core/primitives.ct" )
        , ct
            ( CStr "/repo/dir/stack/core/data.ct" )
        , ct
            ( CStr "/repo/dir/stack/core/webdoc.ct" )
        ]
    )
,
    (
        (
            [ Value /Data/String
            , /operator==( Value /l -> /Data/String = Hole TopType HoleActive Nothing )( Value /r -> /Data/String = Hole TopType HoleActive Nothing ) -> ∀/Data/Primitive/Boolean
            , /Data/toString( Value /this -> /Data/String ) -> /Data/String
            , /Data/toString( Value /this -> /Data/String )= Value this
            , /Data/toString( Value /this -> /Data/Primitive/Integer ) -> /Data/String
            , /Context[ /V : TopType ]( Value /value -> TVVar /V )( ..Hole TopType HoleActive Nothing )
            , /ContextIn[ /V : TopType ]( Value /value -> TVVar /V )( ..Hole TopType HoleActive Nothing )
            , /ContextOut[ /V : TopType ]( Value /value -> TVVar /V )( ..Hole TopType HoleActive Nothing )
            , /Context[ /T : TopType ][ /V : TopType ]( Value value -> TVVar /V )( ..Hole TopType HoleActive Nothing ) | /operator?->
                ( Value /l= /ContextIn[ /V : TVVar /V ]( Value value= Hole TVVar /V HoleActive Nothing )( ..Hole TopType HoleActive Nothing ) )( Value /r= Hole TVVar /T HoleActive Nothing ) -> TVVar /T
            , Value /Data/None
            , /Data/Cons[ /T : TopType ]( Value /head -> TVVar /T )( Value /tail -> ∀/Data/ConsList )
            , Value /Data/Nil
            , /Data/length( Value /this -> /Data/Nil )= CInt 0
            , /Data/length
                ( Value /this= /Data/Cons( Value head )( Value tail ) )= /operator+
                ( Value /l= CInt 1 )
                ( Value /r= length( Value /this= Value tail ) )
            , /Data/enum[ /T : ∀/Data/Enum ] -> ∀/Data/Set
            ]
        ,
            [ CGType
            , CGType
            , CGType
            , CGType
            , CGType
            , CGType
            , CGType
            , CGType
            , CGType
            , CGType
            , CGType
            , CGClass
                ( False
                , /Data/String
                , [ /Data/String ]
                , Just ""
                )
            , CGClass
                ( True
                , /Data/ConsList
                ,
                    [ /Data/Cons[ /T=TVVar /T ]
                        ( /head=TVVar /T
                        , /tail=~ConsList[ /T=TVVar /T ]
                        )
                    , /Data/Nil
                    ]
                , Just "The simplest kind of list can be created by prepending.
                  A [ConsList] defines a list either by prepending to a list or with an empty list."
                )
            , CGClass
                ( False
                , /Data/Enum
                , []
                , Just "[Enum] represents a type which can be enumerated.
                  It defines a single function [enum] which lists all of the values in the type."
                )
            , CGClass
                ( False
                , /Data/Functor
                ,
                    [ ∀/Data/Option
                    , ∀/Data/ConsList
                    ]
                , Just "A [Functor] is a basic property of a collection.
                  It has a single operation [fmap] that applies a function to each element in the collection.$F[$A: $T].fmap[$F: Functor](fn(v: $A) -> $B) -> $F[$B: $T]  "
                )
            , CGClass
                ( False
                , /Data/List
                , []
                , Just ""
                )
            , CGClass
                ( True
                , /Data/Option
                ,
                    [ TVVar /T
                    , /Data/None
                    ]
                , Just "[Option] defines a type that might have a value or [None].
                  It can be used to handle operations that are uncertain if they can produce a response."
                )
            , CGClass
                ( False
                , /Data/Set
                , []
                , Just ""
                )
            ]
        ,
            [ /Catln/#md
                ( Value /text= CStr "# Catln Core Data Types
                These define the basic data types used in the language." )
            , /Catln/#md
                ( Value /text= CStr "## String" )
            , /Catln/#md
                ( Value /text= CStr "## Context" )
            , /Catln/#md
                ( Value /text= CStr "## Collections
                Collections are contains that hold elements of a type inside them." )
            , /Catln/#md
                ( Value /text= CStr "A [Functor] is a basic property of a collection.
                It has a single operation [fmap] that applies a function to each element in the collection." )
            , /Catln/#md
                ( Value /text= CStr "$F[$A: $T].fmap[$F: Functor](fn(v: $A) -> $B) -> $F[$B: $T]" )
            , /Catln/#md
                ( Value /text= CStr "## Collections" )
            , /Catln/#md
                ( Value /text= CStr "[Option] defines a type that might have a value or [None].
                It can be used to handle operations that are uncertain if they can produce a response." )
            , /Catln/#md
                ( Value /text= CStr "None.fmap(fn) = None" )
            , /Catln/#md
                ( Value /text= CStr "$T.fmap(fn($T)) = fn(this)" )
            , /Catln/#md
                ( Value /text= CStr "A [List] is a collection of zero or more ordered items." )
            , /Catln/#md
                ( Value /text= CStr "The simplest kind of list can be created by prepending.
                A [ConsList] defines a list either by prepending to a list or with an empty list." )
            , /Catln/#md
                ( Value /text= CStr "/operator+:<$T>($T l, ConsList<$T> r) = Cons(head=l, tail=r)
                [operator+:] is a utility operator to prepend an element onto a [List]." )
            , /Catln/#md
                ( Value /text= CStr "#### [length]
                The [length] of a [List] is the number of items inside of it." )
            , /Catln/#md
                ( Value /text= CStr "Nil.fmap(fn) = Nil" )
            , /Catln/#md
                ( Value /text= CStr "Cons(head, tail).fmap(fn) = Cons(head=fn(head), tail=tail.fmap(fn))" )
            , /Catln/#md
                ( Value /text= CStr "A [Set] is a collection of zero or more unique items.
                It is not ordered." )
            , /Catln/#md
                ( Value /text= CStr "[Enum] represents a type which can be enumerated.
                It defines a single function [enum] which lists all of the values in the type." )
            ]
        )
    , ct
        ( CStr "/repo/dir/stack/core/data.ct" )
    ,
        [ ct
            ( CStr "/repo/dir/stack/core/primitives.ct" )
        ]
    )
,
    (
        ( []
        , []
        ,
            [ /Catln/#md
                ( Value /text= CStr "# Catln Core Library
                This is the Catln core library.
                It defines the fundamental units of the language, core data types, basic compilation, and standard methods.
                All Catln files will automatically import the core library." )
            ]
        )
    , ct
        ( CStr "/repo/dir/stack/core/main.ct" )
    ,
        [ ct
            ( CStr "/repo/dir/stack/core/algebra.ct" )
        , ct
            ( CStr "/repo/dir/stack/core/primitives.ct" )
        , ct
            ( CStr "/repo/dir/stack/core/data.ct" )
        , ct
            ( CStr "/repo/dir/stack/core/compile.ct" )
        , ct
            ( CStr "/repo/dir/stack/core/webdoc.ct" )
        ]
    )
,
    (
        (
            [ Value /
            , Value /Data/Primitive/True
            , Value /Data/Primitive/False
            , /operator==( Value /l -> ∀/Data/Primitive/Boolean = Hole TopType HoleActive Nothing )( Value /r -> ∀/Data/Primitive/Boolean = Hole TopType HoleActive Nothing ) -> ∀/Data/Primitive/Boolean
            , /operator==( Value /l -> /Data/Primitive/True = Hole TopType HoleActive Nothing )( Value /r -> /Data/Primitive/True = Hole TopType HoleActive Nothing )= Value True
            , /operator==( Value /l -> /Data/Primitive/True = Hole TopType HoleActive Nothing )( Value /r -> /Data/Primitive/False = Hole TopType HoleActive Nothing )= Value False
            , /operator==( Value /l -> /Data/Primitive/False = Hole TopType HoleActive Nothing )( Value /r -> /Data/Primitive/True = Hole TopType HoleActive Nothing )= Value False
            , /operator==( Value /l -> /Data/Primitive/False = Hole TopType HoleActive Nothing )( Value /r -> /Data/Primitive/False = Hole TopType HoleActive Nothing )= Value True
            , /operator~( Value /a= Hole ∀/Data/Primitive/Boolean HoleActive Nothing ) -> ∀/Data/Primitive/Boolean
            , /operator~( Value /a= Hole /Data/Primitive/True HoleActive Nothing )= Value False
            , /operator~( Value /a= Hole /Data/Primitive/False HoleActive Nothing )= Value True
            , /operator&&( Value /l -> ∀/Data/Primitive/Boolean = Hole TopType HoleActive Nothing )( Value /r -> ∀/Data/Primitive/Boolean = Hole TopType HoleActive Nothing ) -> ∀/Data/Primitive/Boolean
            , /operator&&( Value /l -> /Data/Primitive/True = Hole TopType HoleActive Nothing )( Value /r -> /Data/Primitive/True = Hole TopType HoleActive Nothing )= Value True
            , /operator&&( Value /l -> ∀/Data/Primitive/Boolean = Hole TopType HoleActive Nothing )( Value /r -> /Data/Primitive/False = Hole TopType HoleActive Nothing )= Value False
            , /operator&&( Value /l -> /Data/Primitive/False = Hole TopType HoleActive Nothing )( Value /r -> ∀/Data/Primitive/Boolean = Hole TopType HoleActive Nothing )= Value False
            , /operator||( Value /l -> ∀/Data/Primitive/Boolean = Hole TopType HoleActive Nothing )( Value /r -> ∀/Data/Primitive/Boolean = Hole TopType HoleActive Nothing ) -> ∀/Data/Primitive/Boolean
            , /operator||( Value /l -> /Data/Primitive/True = Hole TopType HoleActive Nothing )( Value /r -> ∀/Data/Primitive/Boolean = Hole TopType HoleActive Nothing )= Value True
            , /operator||( Value /l -> ∀/Data/Primitive/Boolean = Hole TopType HoleActive Nothing )( Value /r -> /Data/Primitive/True = Hole TopType HoleActive Nothing )= Value True
            , /operator||( Value /l -> /Data/Primitive/False = Hole TopType HoleActive Nothing )( Value /r -> /Data/Primitive/False = Hole TopType HoleActive Nothing )= Value False
            , /operator^( Value /l -> ∀/Data/Primitive/Boolean = Hole TopType HoleActive Nothing )( Value /r -> ∀/Data/Primitive/Boolean = Hole TopType HoleActive Nothing ) -> ∀/Data/Primitive/Boolean
            , /operator^( Value /l -> /Data/Primitive/True = Hole TopType HoleActive Nothing )( Value /r -> /Data/Primitive/True = Hole TopType HoleActive Nothing )= Value False
            , /operator^( Value /l -> /Data/Primitive/True = Hole TopType HoleActive Nothing )( Value /r -> /Data/Primitive/False = Hole TopType HoleActive Nothing )= Value True
            , /operator^( Value /l -> /Data/Primitive/False = Hole TopType HoleActive Nothing )( Value /r -> /Data/Primitive/True = Hole TopType HoleActive Nothing )= Value True
            , /operator^( Value /l -> /Data/Primitive/False = Hole TopType HoleActive Nothing )( Value /r -> /Data/Primitive/False = Hole TopType HoleActive Nothing )= Value False
            , Value /Data/Primitive/Integer
            , Value /Data/Primitive/Float
            , /operator-( Value /a= Hole /Data/Primitive/Integer HoleActive Nothing ) -> /Data/Primitive/Integer
            , /operator-( Value /l -> /Data/Primitive/Integer = Hole TopType HoleActive Nothing )( Value /r -> /Data/Primitive/Integer = Hole TopType HoleActive Nothing ) -> /Data/Primitive/Integer
            , /operator+( Value /l -> /Data/Primitive/Integer = Hole TopType HoleActive Nothing )( Value /r -> /Data/Primitive/Integer = Hole TopType HoleActive Nothing ) -> /Data/Primitive/Integer
            , /operator*( Value /l -> /Data/Primitive/Integer = Hole TopType HoleActive Nothing )( Value /r -> /Data/Primitive/Integer = Hole TopType HoleActive Nothing ) -> /Data/Primitive/Integer
            , /operator<=( Value /l -> /Data/Primitive/Integer = Hole TopType HoleActive Nothing )( Value /r -> /Data/Primitive/Integer = Hole TopType HoleActive Nothing ) -> ∀/Data/Primitive/Boolean
            , /operator>=( Value /l -> /Data/Primitive/Integer = Hole TopType HoleActive Nothing )( Value /r -> /Data/Primitive/Integer = Hole TopType HoleActive Nothing ) -> ∀/Data/Primitive/Boolean
            , /operator<( Value /l -> /Data/Primitive/Integer = Hole TopType HoleActive Nothing )( Value /r -> /Data/Primitive/Integer = Hole TopType HoleActive Nothing ) -> ∀/Data/Primitive/Boolean
            , /operator>( Value /l -> /Data/Primitive/Integer = Hole TopType HoleActive Nothing )( Value /r -> /Data/Primitive/Integer = Hole TopType HoleActive Nothing ) -> ∀/Data/Primitive/Boolean
            , /operator==( Value /l -> /Data/Primitive/Integer = Hole TopType HoleActive Nothing )( Value /r -> /Data/Primitive/Integer = Hole TopType HoleActive Nothing ) -> ∀/Data/Primitive/Boolean
            , /operator!=( Value /l -> /Data/Primitive/Integer = Hole TopType HoleActive Nothing )( Value /r -> /Data/Primitive/Integer = Hole TopType HoleActive Nothing ) -> ∀/Data/Primitive/Boolean
            ]
        ,
            [ CGType
            , CGType
            , CGType
            , CGType
            , CGType
            , CGType
            , CGType
            , CGType
            , CGType
            , CGType
            , CGType
            , CGType
            , CGType
            , CGType
            , CGType
            , CGType
            , CGType
            , CGType
            , CGClass
                ( False
                , /Data/Primitive/Integer
                , [ /Data/Primitive/Integer ]
                , Just ""
                )
            , CGClass
                ( False
                , /Data/Primitive/Boolean
                ,
                    [ ∀/Data/Primitive/Boolean
                    , ∀/Data/Primitive/Number
                    ]
                , Just " "
                )
            , CGClass
                ( False
                , /Data/Primitive/Integer
                , [ /Data/Primitive/Integer ]
                , Just ""
                )
            , CGClass
                ( False
                , /Data/Primitive/Boolean
                , [ ∀/Data/Primitive/Boolean ]
                , Just ""
                )
            , CGClass
                ( True
                , /Data/Primitive/Boolean
                ,
                    [ /Data/Primitive/True
                    , /Data/Primitive/False
                    ]
                , Just ""
                )
            , CGClass
                ( True
                , /Data/Primitive/Number
                ,
                    [ /Data/Primitive/Integer
                    , /Data/Primitive/Float
                    ]
                , Just ""
                )
            ]
        ,
            [ /Catln/#md
                ( Value /text= CStr "# Catln Core Primitives
                These types some of the basic types used in Catln." )
            , /Catln/#md
                ( Value /text= CStr "## Anonymous type" )
            , /Catln/#md
                ( Value /text= CStr "## Booleans" )
            , /Catln/#md
                ( Value /text= CStr "enum<Boolean> = [False, True]" )
            , /Catln/#md
                ( Value /text= CStr "## Integers" )
            , /Catln/#md
                ( Value /text= CStr "### Commutative Group" )
            , /Catln/#md
                ( Value /text= CStr "mempty<Integer $T> = 0" )
            , /Catln/#md
                ( Value /text= CStr "mappend<Integer $T>($T l, $T r) = l + r" )
            , /Catln/#md
                ( Value /text= CStr "inverse<Integer $T>($T t) = -t" )
            ]
        )
    , ct
        ( CStr "/repo/dir/stack/core/primitives.ct" )
    ,
        [ ct
            ( CStr "/repo/dir/stack/core/algebra.ct" )
        , ct
            ( CStr "/repo/dir/stack/core/data.ct" )
        ]
    )
,
    (
        (
            [ /Catln/Doc/dshow( Value s -> ∀/Catln/Doc/DShow )= Value s
            , /Catln/Doc/Show/MD( Value /text -> /Data/String )
            , /Catln/Doc/dshow
                ( Value s= #md( Value text ) )= Show/MD( Value text= Value text )
            , /Catln/Doc/dshow
                ( Value s= #print( Value p ) )= Value p
            , Value /Catln/Doc/#listProgram
            , Value /Catln/Doc/Show/ListProgram
            , /Catln/Doc/dshow( Value s= Value #listProgram )= Value Show/ListProgram
            , Value /Catln/Doc/#type
            , Value /Catln/Doc/Show/TypePage
            , /Catln/Doc/dshow( Value s= Value #type )= Value Show/TypePage
            , Value /Catln/Doc/#typeInfer
            , Value /Catln/Doc/Show/TypeInfer
            , /Catln/Doc/dshow( Value s= Value #typeInfer )= Value Show/TypeInfer
            , Value /Catln/Doc/#debug
            , Value /Catln/Doc/Show/Debug
            , /Catln/Doc/dshow( Value s= Value #debug )= Value Show/Debug
            , Value /Catln/Doc/#build
            , Value /Catln/Doc/Show/BuildPage
            , /Catln/Doc/dshow( Value s= Value #build )= Value Show/BuildPage
            ]
        ,
            [ CGType
            , CGType
            , CGType
            , CGType
            , CGType
            , CGType
            , CGType
            , CGType
            , CGType
            , CGType
            , CGType
            , CGType
            , CGClass
                ( False
                , /Catln/Doc/DShow
                ,
                    [ /Data/String
                    , /Catln/CatlnResult..
                    , /Catln/Doc/Show/MD..
                    , /Catln/Doc/Show/ListProgram..
                    , /Catln/Doc/Show/TypePage..
                    , /Catln/Doc/Show/TypeInfer..
                    , /Catln/Doc/Show/Debug..
                    , /Catln/Doc/Show/BuildPage..
                    ]
                , Just "Represents objects which can be shown in the webdocs.        "
                )
            ]
        ,
            [ /Catln/#md
                ( Value /text= CStr "# Catln WebDocs
                This provides common components and annotations used in Webdocs.
                These include the ones" )
            , /Catln/#md
                ( Value /text= CStr "Represents objects which can be shown in the webdocs." )
            , /Catln/#md
                ( Value /text= CStr "dshow(s) -> /Catln/Doc/DShow" )
            ]
        )
    , ct
        ( CStr "/repo/dir/stack/core/webdoc.ct" )
    ,
        [ ct
            ( CStr "/repo/dir/stack/core/compile.ct" )
        ]
    )
,
    (
        (
            [ Complex( Value /a -> ∀/Data/Primitive/Number )( Value /b -> ∀/Data/Primitive/Number )
            , real
                ( Value c= Complex( Value a )( Value b ) )= Value a
            , /ContextIn( Value /value= Value main )( Value /io -> /Catln/IO )= exit
                ( Value val= real
                    ( Value c= Complex
                        ( Value a= CInt 0 )
                        ( Value b= CInt 7 )
                    )
                )( Value /this= Value io )
            ]
        ,
            [ CGType
            , CGType
            , CGType
            ]
        ,
            [ /Catln/#md
                ( Value /text= CStr "Tests data classes and matching values in functions (c=Type(...)) without type vars" )
            ]
        )
    , ct
        ( CStr "/repo/dir/test/Integration/code/complex.ct" )
    ,
        [ dir
            ( CStr "/repo/dir/stack/core" )
        ]
    )
,
    (
        ( []
        , []
        , []
        )
    , dir
        ( CStr "/repo/dir/stack/core" )
    ,
        [ ct
            ( CStr "/repo/dir/stack/core/main.ct" )
        ]
    )
]